[    6251ms] [WARNING] Clerk: Clerk has been loaded with development keys. Development instances have strict usage limits and should not be used when deploying your application to production. Learn more: https://clerk.com/docs/deployments/overview @ http://localhost:3000/node_modules/.vite/deps/@clerk_clerk-js.js?v=bf0819ed:14667
[    6426ms] [INFO] %cDownload the React DevTools for a better development experience: https://react.dev/link/react-devtools font-weight:bold @ http://localhost:3000/node_modules/.vite/deps/common-HXRNEUCX.js?v=bf0819ed:20103
[    7195ms] [VERBOSE] [DOM] Input elements should have autocomplete attributes (suggested: "current-password"): (More info: https://goo.gl/9p2vKq) %o @ http://localhost:3000/:0
[   24155ms] [WARNING] Blocked aria-hidden on an element because its descendant retained focus. The focus must not be hidden from assistive technology users. Avoid using aria-hidden on a focused element or its ancestor. Consider using the inert attribute instead, which will also prevent focus. For more details, see the aria-hidden section of the WAI-ARIA specification at https://w3c.github.io/aria/#aria-hidden.
Element with focus: <input.cl-formFieldInput cl-input cl-formFieldInput__password cl-input__password 🔒️ cl-internal-1sebhk0-CustomizableComponent#password-field>
Ancestor with aria-hidden: <div.cl-formFieldRow cl-formFieldRow__password 🔒️ cl-internal-ewy6uj-CustomizableComponent> @ http://localhost:3000/:0
[   59557ms] [WARNING] Clerk: Clerk has been loaded with development keys. Development instances have strict usage limits and should not be used when deploying your application to production. Learn more: https://clerk.com/docs/deployments/overview @ http://localhost:3000/node_modules/.vite/deps/@clerk_clerk-js.js?v=bf0819ed:14667
[   59713ms] [INFO] %cDownload the React DevTools for a better development experience: https://react.dev/link/react-devtools font-weight:bold @ http://localhost:3000/node_modules/.vite/deps/common-HXRNEUCX.js?v=bf0819ed:20103
[   96542ms] [ERROR] Failed to load resource: the server responded with a status of 500 (Internal Server Error) @ http://localhost:3000/api/bank:0
[  173738ms] [WARNING] Clerk: Clerk has been loaded with development keys. Development instances have strict usage limits and should not be used when deploying your application to production. Learn more: https://clerk.com/docs/deployments/overview @ http://localhost:3000/node_modules/.vite/deps/@clerk_clerk-js.js?v=bf0819ed:14667
[  173895ms] [ERROR] [trivia] Clerk failed to load ReferenceError: afterAuth is not defined
    at onAuthChange (http://localhost:3000/src/trivia.ts?t=1783278386595:74:21)
    at http://localhost:3000/src/trivia.ts?t=1783278386595:50:29
    at e10 (http://localhost:3000/node_modules/.vite/deps/@clerk_clerk-js.js?v=bf0819ed:20366:38)
    at _iI.addListener (http://localhost:3000/node_modules/.vite/deps/@clerk_clerk-js.js?v=bf0819ed:20367:111)
    at http://localhost:3000/src/trivia.ts?t=1783278386595:50:11 @ http://localhost:3000/src/trivia.ts?t=1783278386595:53
[  173946ms] [INFO] %cDownload the React DevTools for a better development experience: https://react.dev/link/react-devtools font-weight:bold @ http://localhost:3000/node_modules/.vite/deps/common-HXRNEUCX.js?v=bf0819ed:20103
[  176064ms] [WARNING] Clerk: Clerk has been loaded with development keys. Development instances have strict usage limits and should not be used when deploying your application to production. Learn more: https://clerk.com/docs/deployments/overview @ http://localhost:3000/node_modules/.vite/deps/@clerk_clerk-js.js?v=bf0819ed:14667
[  176281ms] [INFO] %cDownload the React DevTools for a better development experience: https://react.dev/link/react-devtools font-weight:bold @ http://localhost:3000/node_modules/.vite/deps/common-HXRNEUCX.js?v=bf0819ed:20103
[  186715ms] [WARNING] Clerk: Clerk has been loaded with development keys. Development instances have strict usage limits and should not be used when deploying your application to production. Learn more: https://clerk.com/docs/deployments/overview @ http://localhost:3000/node_modules/.vite/deps/@clerk_clerk-js.js?v=bf0819ed:14667
[  186878ms] [INFO] %cDownload the React DevTools for a better development experience: https://react.dev/link/react-devtools font-weight:bold @ http://localhost:3000/node_modules/.vite/deps/common-HXRNEUCX.js?v=bf0819ed:20103
[  188707ms] [WARNING] Clerk: Clerk has been loaded with development keys. Development instances have strict usage limits and should not be used when deploying your application to production. Learn more: https://clerk.com/docs/deployments/overview @ http://localhost:3000/node_modules/.vite/deps/@clerk_clerk-js.js?v=bf0819ed:14667
[  188853ms] [INFO] %cDownload the React DevTools for a better development experience: https://react.dev/link/react-devtools font-weight:bold @ http://localhost:3000/node_modules/.vite/deps/common-HXRNEUCX.js?v=bf0819ed:20103
[  188958ms] [ERROR] Failed to load resource: the server responded with a status of 400 () @ https://clerk-telemetry.com/v1/event:0
[  189480ms] [WARNING] Clerk: Clerk has been loaded with development keys. Development instances have strict usage limits and should not be used when deploying your application to production. Learn more: https://clerk.com/docs/deployments/overview @ http://localhost:3000/node_modules/.vite/deps/@clerk_clerk-js.js?v=bf0819ed:14667
[  189626ms] [INFO] %cDownload the React DevTools for a better development experience: https://react.dev/link/react-devtools font-weight:bold @ http://localhost:3000/node_modules/.vite/deps/common-HXRNEUCX.js?v=bf0819ed:20103
